DEBUG:root:30
DEBUG:root:10
DEBUG:root:200
DEBUG:root:2.0
